0 verbose cli C:\Program Files\nodejs\node.exe C:\Program Files\nodejs\node_modules\npm\bin\npm-cli.js
1 info using npm@11.11.0
2 info using node@v24.14.1
3 silly config load:file:C:\Program Files\nodejs\node_modules\npm\npmrc
4 silly config load:file:C:\work\resume_portfolio\portfolio_website\astro\.npmrc
5 silly config load:file:C:\Users\user\.npmrc
6 silly config load:file:C:\Users\user\AppData\Roaming\npm\etc\npmrc
7 verbose title npm install astro@latest @astrojs/preact@latest
8 verbose argv "install" "astro@latest" "@astrojs/preact@latest" "--cache" ".npm-cache"
9 verbose logfile logs-max:10 dir:C:\work\resume_portfolio\portfolio_website\astro\.npm-cache\_logs\2026-04-11T09_30_08_366Z-
10 verbose logfile C:\work\resume_portfolio\portfolio_website\astro\.npm-cache\_logs\2026-04-11T09_30_08_366Z-debug-0.log
11 silly logfile done cleaning log files
12 silly packumentCache heap:4496293888 maxSize:1124073472 maxEntrySize:562036736
13 silly packumentCache corgi:https://registry.npmjs.org/astro cache-miss
14 silly packumentCache corgi:https://registry.npmjs.org/@astrojs%2fpreact cache-miss
15 http fetch GET 200 https://registry.npmjs.org/npm 343ms
16 http fetch GET 200 https://registry.npmjs.org/@astrojs%2fpreact 279ms (cache miss)
17 silly packumentCache corgi:https://registry.npmjs.org/@astrojs%2fpreact set size:undefined disposed:false
18 http fetch GET 200 https://registry.npmjs.org/astro 295ms (cache miss)
19 silly packumentCache corgi:https://registry.npmjs.org/astro set size:undefined disposed:false
20 silly idealTree buildDeps
21 silly fetch manifest @astrojs/preact@5.1.1
22 silly packumentCache full:https://registry.npmjs.org/@astrojs%2fpreact cache-miss
23 http fetch GET 200 https://registry.npmjs.org/@astrojs%2fpreact 1188ms (cache miss)
24 silly packumentCache full:https://registry.npmjs.org/@astrojs%2fpreact set size:undefined disposed:false
25 silly fetch manifest preact@^10.29.1
26 silly packumentCache full:https://registry.npmjs.org/preact cache-miss
27 http fetch GET 200 https://registry.npmjs.org/preact 246ms (cache miss)
28 silly packumentCache full:https://registry.npmjs.org/preact set size:undefined disposed:false
29 silly fetch manifest astro@6.1.5
30 silly packumentCache full:https://registry.npmjs.org/astro cache-miss
31 http fetch GET 200 https://registry.npmjs.org/astro 124ms (cache miss)
32 silly packumentCache full:https://registry.npmjs.org/astro set size:undefined disposed:false
33 silly placeDep ROOT @astrojs/preact@5.1.1 REPLACE for: c-work-resume-portfolio-portfolio-website-astro@0.0.1 want: 5.1.1
34 silly placeDep ROOT astro@6.1.5 REPLACE for: c-work-resume-portfolio-portfolio-website-astro@0.0.1 want: 6.1.5
35 silly reify mark retired [
35 silly reify   'C:\\work\\resume_portfolio\\portfolio_website\\astro\\node_modules\\astro',
35 silly reify   'C:\\work\\resume_portfolio\\portfolio_website\\astro\\node_modules\\.bin\\astro',
35 silly reify   'C:\\work\\resume_portfolio\\portfolio_website\\astro\\node_modules\\.bin\\astro.cmd',
35 silly reify   'C:\\work\\resume_portfolio\\portfolio_website\\astro\\node_modules\\.bin\\astro.ps1'
35 silly reify ]
36 silly reify moves {
36 silly reify   'C:\\work\\resume_portfolio\\portfolio_website\\astro\\node_modules\\astro': 'C:\\work\\resume_portfolio\\portfolio_website\\astro\\node_modules\\.astro-aclt4HB6',
36 silly reify   'C:\\work\\resume_portfolio\\portfolio_website\\astro\\node_modules\\.bin\\astro': 'C:\\work\\resume_portfolio\\portfolio_website\\astro\\node_modules\\.bin\\.astro-YNTtcI4q',
36 silly reify   'C:\\work\\resume_portfolio\\portfolio_website\\astro\\node_modules\\.bin\\astro.cmd': 'C:\\work\\resume_portfolio\\portfolio_website\\astro\\node_modules\\.bin\\.astro.cmd-0WrtuXqC',
36 silly reify   'C:\\work\\resume_portfolio\\portfolio_website\\astro\\node_modules\\.bin\\astro.ps1': 'C:\\work\\resume_portfolio\\portfolio_website\\astro\\node_modules\\.bin\\.astro.ps1-QypkyW3w'
36 silly reify }
37 silly audit bulk request {
37 silly audit   '@astrojs/compiler': [ '3.0.1' ],
37 silly audit   '@astrojs/internal-helpers': [ '0.8.0' ],
37 silly audit   '@astrojs/markdown-remark': [ '7.1.0' ],
37 silly audit   '@astrojs/prism': [ '4.0.1' ],
37 silly audit   '@astrojs/rss': [ '4.0.18' ],
37 silly audit   '@astrojs/telemetry': [ '3.3.0' ],
37 silly audit   '@babel/code-frame': [ '7.29.0' ],
37 silly audit   '@babel/compat-data': [ '7.29.0' ],
37 silly audit   '@babel/core': [ '7.29.0' ],
37 silly audit   semver: [ '6.3.1', '7.7.4' ],
37 silly audit   '@babel/generator': [ '7.29.1' ],
37 silly audit   '@babel/helper-annotate-as-pure': [ '7.27.3' ],
37 silly audit   '@babel/helper-compilation-targets': [ '7.28.6' ],
37 silly audit   'lru-cache': [ '5.1.1', '11.2.7' ],
37 silly audit   '@babel/helper-globals': [ '7.28.0' ],
37 silly audit   '@babel/helper-module-imports': [ '7.28.6' ],
37 silly audit   '@babel/helper-module-transforms': [ '7.28.6' ],
37 silly audit   '@babel/helper-plugin-utils': [ '7.28.6' ],
37 silly audit   '@babel/helper-string-parser': [ '7.27.1' ],
37 silly audit   '@babel/helper-validator-identifier': [ '7.28.5' ],
37 silly audit   '@babel/helper-validator-option': [ '7.27.1' ],
37 silly audit   '@babel/helpers': [ '7.29.2' ],
37 silly audit   '@babel/parser': [ '7.29.2' ],
37 silly audit   '@babel/plugin-syntax-jsx': [ '7.28.6' ],
37 silly audit   '@babel/plugin-transform-react-jsx': [ '7.28.6' ],
37 silly audit   '@babel/plugin-transform-react-jsx-development': [ '7.27.1' ],
37 silly audit   '@babel/template': [ '7.28.6' ],
37 silly audit   '@babel/traverse': [ '7.29.0' ],
37 silly audit   '@babel/types': [ '7.29.0' ],
37 silly audit   '@capsizecss/unpack': [ '4.0.0' ],
37 silly audit   '@clack/core': [ '1.2.0' ],
37 silly audit   '@clack/prompts': [ '1.2.0' ],
37 silly audit   '@emnapi/runtime': [ '1.9.2' ],
37 silly audit   '@esbuild/aix-ppc64': [ '0.27.7' ],
37 silly audit   '@esbuild/android-arm': [ '0.27.7' ],
37 silly audit   '@esbuild/android-arm64': [ '0.27.7' ],
37 silly audit   '@esbuild/android-x64': [ '0.27.7' ],
37 silly audit   '@esbuild/darwin-arm64': [ '0.27.7' ],
37 silly audit   '@esbuild/darwin-x64': [ '0.27.7' ],
37 silly audit   '@esbuild/freebsd-arm64': [ '0.27.7' ],
37 silly audit   '@esbuild/freebsd-x64': [ '0.27.7' ],
37 silly audit   '@esbuild/linux-arm': [ '0.27.7' ],
37 silly audit   '@esbuild/linux-arm64': [ '0.27.7' ],
37 silly audit   '@esbuild/linux-ia32': [ '0.27.7' ],
37 silly audit   '@esbuild/linux-loong64': [ '0.27.7' ],
37 silly audit   '@esbuild/linux-mips64el': [ '0.27.7' ],
37 silly audit   '@esbuild/linux-ppc64': [ '0.27.7' ],
37 silly audit   '@esbuild/linux-riscv64': [ '0.27.7' ],
37 silly audit   '@esbuild/linux-s390x': [ '0.27.7' ],
37 silly audit   '@esbuild/linux-x64': [ '0.27.7' ],
37 silly audit   '@esbuild/netbsd-arm64': [ '0.27.7' ],
37 silly audit   '@esbuild/netbsd-x64': [ '0.27.7' ],
37 silly audit   '@esbuild/openbsd-arm64': [ '0.27.7' ],
37 silly audit   '@esbuild/openbsd-x64': [ '0.27.7' ],
37 silly audit   '@esbuild/openharmony-arm64': [ '0.27.7' ],
37 silly audit   '@esbuild/sunos-x64': [ '0.27.7' ],
37 silly audit   '@esbuild/win32-arm64': [ '0.27.7' ],
37 silly audit   '@esbuild/win32-ia32': [ '0.27.7' ],
37 silly audit   '@esbuild/win32-x64': [ '0.27.7' ],
37 silly audit   '@img/colour': [ '1.1.0' ],
37 silly audit   '@img/sharp-darwin-arm64': [ '0.34.5' ],
37 silly audit   '@img/sharp-darwin-x64': [ '0.34.5' ],
37 silly audit   '@img/sharp-libvips-darwin-arm64': [ '1.2.4' ],
37 silly audit   '@img/sharp-libvips-darwin-x64': [ '1.2.4' ],
37 silly audit   '@img/sharp-libvips-linux-arm': [ '1.2.4' ],
37 silly audit   '@img/sharp-libvips-linux-arm64': [ '1.2.4' ],
37 silly audit   '@img/sharp-libvips-linux-ppc64': [ '1.2.4' ],
37 silly audit   '@img/sharp-libvips-linux-riscv64': [ '1.2.4' ],
37 silly audit   '@img/sharp-libvips-linux-s390x': [ '1.2.4' ],
37 silly audit   '@img/sharp-libvips-linux-x64': [ '1.2.4' ],
37 silly audit   '@img/sharp-libvips-linuxmusl-arm64': [ '1.2.4' ],
37 silly audit   '@img/sharp-libvips-linuxmusl-x64': [ '1.2.4' ],
37 silly audit   '@img/sharp-linux-arm': [ '0.34.5' ],
37 silly audit   '@img/sharp-linux-arm64': [ '0.34.5' ],
37 silly audit   '@img/sharp-linux-ppc64': [ '0.34.5' ],
37 silly audit   '@img/sharp-linux-riscv64': [ '0.34.5' ],
37 silly audit   '@img/sharp-linux-s390x': [ '0.34.5' ],
37 silly audit   '@img/sharp-linux-x64': [ '0.34.5' ],
37 silly audit   '@img/sharp-linuxmusl-arm64': [ '0.34.5' ],
37 silly audit   '@img/sharp-linuxmusl-x64': [ '0.34.5' ],
37 silly audit   '@img/sharp-wasm32': [ '0.34.5' ],
37 silly audit   '@img/sharp-win32-arm64': [ '0.34.5' ],
37 silly audit   '@img/sharp-win32-ia32': [ '0.34.5' ],
37 silly audit   '@img/sharp-win32-x64': [ '0.34.5' ],
37 silly audit   '@jridgewell/gen-mapping': [ '0.3.13' ],
37 silly audit   '@jridgewell/remapping': [ '2.3.5' ],
37 silly audit   '@jridgewell/resolve-uri': [ '3.1.2' ],
37 silly audit   '@jridgewell/sourcemap-codec': [ '1.5.5' ],
37 silly audit   '@jridgewell/trace-mapping': [ '0.3.31' ],
37 silly audit   '@oslojs/encoding': [ '1.1.0' ],
37 silly audit   '@preact/preset-vite': [ '2.10.5' ],
37 silly audit   '@preact/signals': [ '2.9.0' ],
37 silly audit   '@preact/signals-core': [ '1.14.1' ],
37 silly audit   '@prefresh/babel-plugin': [ '0.5.3' ],
37 silly audit   '@prefresh/core': [ '1.5.9' ],
37 silly audit   '@prefresh/utils': [ '1.2.1' ],
37 silly audit   '@prefresh/vite': [ '2.4.12' ],
37 silly audit   '@rollup/pluginutils': [ '4.2.1', '5.3.0' ],
37 silly audit   picomatch: [ '2.3.2', '4.0.4' ],
37 silly audit   '@rollup/rollup-android-arm-eabi': [ '4.60.1' ],
37 silly audit   '@rollup/rollup-android-arm64': [ '4.60.1' ],
37 silly audit   '@rollup/rollup-darwin-arm64': [ '4.60.1' ],
37 silly audit   '@rollup/rollup-darwin-x64': [ '4.60.1' ],
37 silly audit   '@rollup/rollup-freebsd-arm64': [ '4.60.1' ],
37 silly audit   '@rollup/rollup-freebsd-x64': [ '4.60.1' ],
37 silly audit   '@rollup/rollup-linux-arm-gnueabihf': [ '4.60.1' ],
37 silly audit   '@rollup/rollup-linux-arm-musleabihf': [ '4.60.1' ],
37 silly audit   '@rollup/rollup-linux-arm64-gnu': [ '4.60.1' ],
37 silly audit   '@rollup/rollup-linux-arm64-musl': [ '4.60.1' ],
37 silly audit   '@rollup/rollup-linux-loong64-gnu': [ '4.60.1' ],
37 silly audit   '@rollup/rollup-linux-loong64-musl': [ '4.60.1' ],
37 silly audit   '@rollup/rollup-linux-ppc64-gnu': [ '4.60.1' ],
37 silly audit   '@rollup/rollup-linux-ppc64-musl': [ '4.60.1' ],
37 silly audit   '@rollup/rollup-linux-riscv64-gnu': [ '4.60.1' ],
37 silly audit   '@rollup/rollup-linux-riscv64-musl': [ '4.60.1' ],
37 silly audit   '@rollup/rollup-linux-s390x-gnu': [ '4.60.1' ],
37 silly audit   '@rollup/rollup-linux-x64-gnu': [ '4.60.1' ],
37 silly audit   '@rollup/rollup-linux-x64-musl': [ '4.60.1' ],
37 silly audit   '@rollup/rollup-openbsd-x64': [ '4.60.1' ],
37 silly audit   '@rollup/rollup-openharmony-arm64': [ '4.60.1' ],
37 silly audit   '@rollup/rollup-win32-arm64-msvc': [ '4.60.1' ],
37 silly audit   '@rollup/rollup-win32-ia32-msvc': [ '4.60.1' ],
37 silly audit   '@rollup/rollup-win32-x64-gnu': [ '4.60.1' ],
37 silly audit   '@rollup/rollup-win32-x64-msvc': [ '4.60.1' ],
37 silly audit   '@shikijs/core': [ '4.0.2' ],
37 silly audit   '@shikijs/engine-javascript': [ '4.0.2' ],
37 silly audit   '@shikijs/engine-oniguruma': [ '4.0.2' ],
37 silly audit   '@shikijs/langs': [ '4.0.2' ],
37 silly audit   '@shikijs/primitive': [ '4.0.2' ],
37 silly audit   '@shikijs/themes': [ '4.0.2' ],
37 silly audit   '@shikijs/types': [ '4.0.2' ],
37 silly audit   '@shikijs/vscode-textmate': [ '10.0.2' ],
37 silly audit   '@types/debug': [ '4.1.13' ],
37 silly audit   '@types/estree': [ '1.0.8' ],
37 silly audit   '@types/hast': [ '3.0.4' ],
37 silly audit   '@types/mdast': [ '4.0.4' ],
37 silly audit   '@types/ms': [ '2.1.0' ],
37 silly audit   '@types/nlcst': [ '2.0.3' ],
37 silly audit   '@types/unist': [ '3.0.3' ],
37 silly audit   '@ungap/structured-clone': [ '1.3.0' ],
37 silly audit   anymatch: [ '3.1.3' ],
37 silly audit   argparse: [ '2.0.1' ],
37 silly audit   'aria-query': [ '5.3.2' ],
37 silly audit   'array-iterate': [ '2.0.1' ],
37 silly audit   'axobject-query': [ '4.1.0' ],
37 silly audit   'babel-plugin-transform-hook-names': [ '1.0.2' ],
37 silly audit   bail: [ '2.0.2' ],
37 silly audit   'baseline-browser-mapping': [ '2.10.16' ],
37 silly audit   boolbase: [ '1.0.0' ],
37 silly audit   browserslist: [ '4.28.2' ],
37 silly audit   'caniuse-lite': [ '1.0.30001787' ],
37 silly audit   ccount: [ '2.0.1' ],
37 silly audit   'character-entities': [ '2.0.2' ],
37 silly audit   'character-entities-html4': [ '2.1.0' ],
37 silly audit   'character-entities-legacy': [ '3.0.0' ],
37 silly audit   chokidar: [ '5.0.0' ],
37 silly audit   'ci-info': [ '4.4.0' ],
37 silly audit   clsx: [ '2.1.1' ],
37 silly audit   'comma-separated-tokens': [ '2.0.3' ],
37 silly audit   commander: [ '11.1.0' ],
37 silly audit   'common-ancestor-path': [ '2.0.0' ],
37 silly audit   'convert-source-map': [ '2.0.0' ],
37 silly audit   cookie: [ '1.1.1' ],
37 silly audit   'cookie-es': [ '1.2.3' ],
37 silly audit   crossws: [ '0.3.5' ],
37 silly audit   'css-select': [ '5.2.2' ],
37 silly audit   'css-tree': [ '3.2.1', '2.2.1' ],
37 silly audit   'css-what': [ '6.2.2' ],
37 silly audit   csso: [ '5.0.5' ],
37 silly audit   'mdn-data': [ '2.0.28', '2.27.1' ],
37 silly audit   debug: [ '4.4.3' ],
37 silly audit   'decode-named-character-reference': [ '1.3.0' ],
37 silly audit   defu: [ '6.1.6' ],
37 silly audit   dequal: [ '2.0.3' ],
37 silly audit   destr: [ '2.0.5' ],
37 silly audit   'detect-libc': [ '2.1.2' ],
37 silly audit   devalue: [ '5.6.4' ],
37 silly audit   devlop: [ '1.1.0' ],
37 silly audit   diff: [ '8.0.4' ],
37 silly audit   dlv: [ '1.1.3' ],
37 silly audit   'dom-serializer': [ '2.0.0' ],
37 silly audit   entities: [ '4.5.0', '6.0.1' ],
37 silly audit   domelementtype: [ '2.3.0' ],
37 silly audit   domhandler: [ '5.0.3' ],
37 silly audit   domutils: [ '3.2.2' ],
37 silly audit   dset: [ '3.1.4' ],
37 silly audit   'electron-to-chromium': [ '1.5.334' ],
37 silly audit   'es-module-lexer': [ '2.0.0' ],
37 silly audit   esbuild: [ '0.27.7' ],
37 silly audit   escalade: [ '3.2.0' ],
37 silly audit   'escape-string-regexp': [ '5.0.0' ],
37 silly audit   'estree-walker': [ '2.0.2' ],
37 silly audit   eventemitter3: [ '5.0.4' ],
37 silly audit   extend: [ '3.0.2' ],
37 silly audit   'fast-string-truncated-width': [ '1.2.1' ],
37 silly audit   'fast-string-width': [ '1.1.0' ],
37 silly audit   'fast-wrap-ansi': [ '0.1.6' ],
37 silly audit   'fast-xml-builder': [ '1.1.4' ],
37 silly audit   'fast-xml-parser': [ '5.5.11' ],
37 silly audit   fdir: [ '6.5.0' ],
37 silly audit   flattie: [ '1.1.1' ],
37 silly audit   fontace: [ '0.4.1' ],
37 silly audit   fontkitten: [ '1.0.3' ],
37 silly audit   fsevents: [ '2.3.3' ],
37 silly audit   gensync: [ '1.0.0-beta.2' ],
37 silly audit   'github-slugger': [ '2.0.0' ],
37 silly audit   h3: [ '1.15.11' ],
37 silly audit   'hast-util-from-html': [ '2.0.3' ],
37 silly audit   'hast-util-from-parse5': [ '8.0.3' ],
37 silly audit   'hast-util-is-element': [ '3.0.0' ],
37 silly audit   'hast-util-parse-selector': [ '4.0.0' ],
37 silly audit   'hast-util-raw': [ '9.1.0' ],
37 silly audit   'hast-util-to-html': [ '9.0.5' ],
37 silly audit   'hast-util-to-parse5': [ '8.0.1' ],
37 silly audit   'hast-util-to-text': [ '4.0.2' ],
37 silly audit   'hast-util-whitespace': [ '3.0.0' ],
37 silly audit   hastscript: [ '9.0.1' ],
37 silly audit   he: [ '1.2.0' ],
37 silly audit   'html-escaper': [ '3.0.3' ],
37 silly audit   'html-void-elements': [ '3.0.0' ],
37 silly audit   'http-cache-semantics': [ '4.2.0' ],
37 silly audit   'iron-webcrypto': [ '1.2.1' ],
37 silly audit   'is-docker': [ '3.0.0' ],
37 silly audit   'is-inside-container': [ '1.0.0' ],
37 silly audit   'is-plain-obj': [ '4.1.0' ],
37 silly audit   'is-wsl': [ '3.1.1' ],
37 silly audit   'js-tokens': [ '4.0.0' ],
37 silly audit   'js-yaml': [ '4.1.1' ],
37 silly audit   jsesc: [ '3.1.0' ],
37 silly audit   json5: [ '2.2.3' ],
37 silly audit   kolorist: [ '1.8.0' ],
37 silly audit   'longest-streak': [ '3.1.0' ],
37 silly audit   'magic-string': [ '0.30.21' ],
37 silly audit   magicast: [ '0.5.2' ],
37 silly audit   'markdown-table': [ '3.0.4' ],
37 silly audit   'mdast-util-definitions': [ '6.0.0' ],
37 silly audit   'mdast-util-find-and-replace': [ '3.0.2' ],
37 silly audit   'mdast-util-from-markdown': [ '2.0.3' ],
37 silly audit   'mdast-util-gfm': [ '3.1.0' ],
37 silly audit   'mdast-util-gfm-autolink-literal': [ '2.0.1' ],
37 silly audit   'mdast-util-gfm-footnote': [ '2.1.0' ],
37 silly audit   'mdast-util-gfm-strikethrough': [ '2.0.0' ],
37 silly audit   'mdast-util-gfm-table': [ '2.0.0' ],
37 silly audit   'mdast-util-gfm-task-list-item': [ '2.0.0' ],
37 silly audit   'mdast-util-phrasing': [ '4.1.0' ],
37 silly audit   'mdast-util-to-hast': [ '13.2.1' ],
37 silly audit   'mdast-util-to-markdown': [ '2.1.2' ],
37 silly audit   'mdast-util-to-string': [ '4.0.0' ],
37 silly audit   micromark: [ '4.0.2' ],
37 silly audit   'micromark-core-commonmark': [ '2.0.3' ],
37 silly audit   'micromark-extension-gfm': [ '3.0.0' ],
37 silly audit   'micromark-extension-gfm-autolink-literal': [ '2.1.0' ],
37 silly audit   'micromark-extension-gfm-footnote': [ '2.1.0' ],
37 silly audit   'micromark-extension-gfm-strikethrough': [ '2.1.0' ],
37 silly audit   'micromark-extension-gfm-table': [ '2.1.1' ],
37 silly audit   'micromark-extension-gfm-tagfilter': [ '2.0.0' ],
37 silly audit   'micromark-extension-gfm-task-list-item': [ '2.1.0' ],
37 silly audit   'micromark-factory-destination': [ '2.0.1' ],
37 silly audit   'micromark-factory-label': [ '2.0.1' ],
37 silly audit   'micromark-factory-space': [ '2.0.1' ],
37 silly audit   'micromark-factory-title': [ '2.0.1' ],
37 silly audit   'micromark-factory-whitespace': [ '2.0.1' ],
37 silly audit   'micromark-util-character': [ '2.1.1' ],
37 silly audit   'micromark-util-chunked': [ '2.0.1' ],
37 silly audit   'micromark-util-classify-character': [ '2.0.1' ],
37 silly audit   'micromark-util-combine-extensions': [ '2.0.1' ],
37 silly audit   'micromark-util-decode-numeric-character-reference': [ '2.0.2' ],
37 silly audit   'micromark-util-decode-string': [ '2.0.1' ],
37 silly audit   'micromark-util-encode': [ '2.0.1' ],
37 silly audit   'micromark-util-html-tag-name': [ '2.0.1' ],
37 silly audit   'micromark-util-normalize-identifier': [ '2.0.1' ],
37 silly audit   'micromark-util-resolve-all': [ '2.0.1' ],
37 silly audit   'micromark-util-sanitize-uri': [ '2.0.1' ],
37 silly audit   'micromark-util-subtokenize': [ '2.1.0' ],
37 silly audit   'micromark-util-symbol': [ '2.0.1' ],
37 silly audit   'micromark-util-types': [ '2.0.2' ],
37 silly audit   mrmime: [ '2.0.1' ],
37 silly audit   ms: [ '2.1.3' ],
37 silly audit   nanoid: [ '3.3.11' ],
37 silly audit   neotraverse: [ '0.6.18' ],
37 silly audit   'nlcst-to-string': [ '4.0.0' ],
37 silly audit   'node-fetch-native': [ '1.6.7' ],
37 silly audit   'node-html-parser': [ '6.1.13' ],
37 silly audit   'node-mock-http': [ '1.0.4' ],
37 silly audit   'node-releases': [ '2.0.37' ],
37 silly audit   'normalize-path': [ '3.0.0' ],
37 silly audit   'nth-check': [ '2.1.1' ],
37 silly audit   obug: [ '2.1.1' ],
37 silly audit   ofetch: [ '1.5.1' ],
37 silly audit   ohash: [ '2.0.11' ],
37 silly audit   'oniguruma-parser': [ '0.12.1' ],
37 silly audit   'oniguruma-to-es': [ '4.3.5' ],
37 silly audit   'p-limit': [ '7.3.0' ],
37 silly audit   'p-queue': [ '9.1.1' ],
37 silly audit   'p-timeout': [ '7.0.1' ],
37 silly audit   'package-manager-detector': [ '1.6.0' ],
37 silly audit   'parse-latin': [ '7.0.0' ],
37 silly audit   parse5: [ '7.3.0' ],
37 silly audit   'path-expression-matcher': [ '1.4.0' ],
37 silly audit   piccolore: [ '0.1.3' ],
37 silly audit   picocolors: [ '1.1.1' ],
37 silly audit   postcss: [ '8.5.8' ],
37 silly audit   preact: [ '10.29.1' ],
37 silly audit   'preact-render-to-string': [ '6.6.7' ],
37 silly audit   prismjs: [ '1.30.0' ],
37 silly audit   'property-information': [ '7.1.0' ],
37 silly audit   radix3: [ '1.1.2' ],
37 silly audit   readdirp: [ '5.0.0' ],
37 silly audit   regex: [ '6.1.0' ],
37 silly audit   'regex-recursion': [ '6.0.2' ],
37 silly audit   'regex-utilities': [ '2.3.0' ],
37 silly audit   rehype: [ '13.0.2' ],
37 silly audit   'rehype-parse': [ '9.0.1' ],
37 silly audit   'rehype-raw': [ '7.0.0' ],
37 silly audit   'rehype-stringify': [ '10.0.1' ],
37 silly audit   'remark-gfm': [ '4.0.1' ],
37 silly audit   'remark-parse': [ '11.0.0' ],
37 silly audit   'remark-rehype': [ '11.1.2' ],
37 silly audit   'remark-smartypants': [ '3.0.2' ],
37 silly audit   'remark-stringify': [ '11.0.0' ],
37 silly audit   retext: [ '9.0.0' ],
37 silly audit   'retext-latin': [ '4.0.0' ],
37 silly audit   'retext-smartypants': [ '6.2.0' ],
37 silly audit   'retext-stringify': [ '4.0.0' ],
37 silly audit   rollup: [ '4.60.1' ],
37 silly audit   sax: [ '1.6.0' ],
37 silly audit   sharp: [ '0.34.5' ],
37 silly audit   shiki: [ '4.0.2' ],
37 silly audit   'simple-code-frame': [ '1.3.0' ],
37 silly audit   sisteransi: [ '1.0.5' ],
37 silly audit   'smol-toml': [ '1.6.1' ],
37 silly audit   'source-map': [ '0.7.6' ],
37 silly audit   'source-map-js': [ '1.2.1' ],
37 silly audit   'space-separated-tokens': [ '2.0.2' ],
37 silly audit   'stack-trace': [ '1.0.0-pre2' ],
37 silly audit   'stringify-entities': [ '4.0.4' ],
37 silly audit   strnum: [ '2.2.3' ],
37 silly audit   svgo: [ '4.0.1' ],
37 silly audit   'tiny-inflate': [ '1.0.3' ],
37 silly audit   tinyclip: [ '0.1.12' ],
37 silly audit   tinyexec: [ '1.0.4' ],
37 silly audit   tinyglobby: [ '0.2.15' ],
37 silly audit   'trim-lines': [ '3.0.1' ],
37 silly audit   trough: [ '2.2.0' ],
37 silly audit   tsconfck: [ '3.1.6' ],
37 silly audit   tslib: [ '2.8.1' ],
37 silly audit   ufo: [ '1.6.3' ],
37 silly audit   ultrahtml: [ '1.6.0' ],
37 silly audit   uncrypto: [ '0.1.3' ],
37 silly audit   unified: [ '11.0.5' ],
37 silly audit   unifont: [ '0.7.4' ],
37 silly audit   'unist-util-find-after': [ '5.0.0' ],
37 silly audit   'unist-util-is': [ '6.0.1' ],
37 silly audit   'unist-util-modify-children': [ '4.0.0' ],
37 silly audit   'unist-util-position': [ '5.0.0' ],
37 silly audit   'unist-util-remove-position': [ '5.0.0' ],
37 silly audit   'unist-util-stringify-position': [ '4.0.0' ],
37 silly audit   'unist-util-visit': [ '5.1.0' ],
37 silly audit   'unist-util-visit-children': [ '3.0.0' ],
37 silly audit   'unist-util-visit-parents': [ '6.0.2' ],
37 silly audit   unstorage: [ '1.17.5' ],
37 silly audit   'update-browserslist-db': [ '1.2.3' ],
37 silly audit   vfile: [ '6.0.3' ],
37 silly audit   'vfile-location': [ '5.0.3' ],
37 silly audit   'vfile-message': [ '4.0.3' ],
37 silly audit   vite: [ '7.3.1' ],
37 silly audit   'vite-prerender-plugin': [ '0.5.13' ],
37 silly audit   vitefu: [ '1.1.3' ],
37 silly audit   'web-namespaces': [ '2.0.1' ],
37 silly audit   'which-pm-runs': [ '1.1.0' ],
37 silly audit   'xxhash-wasm': [ '1.1.0' ],
37 silly audit   yallist: [ '3.1.1' ],
37 silly audit   'yargs-parser': [ '22.0.0' ],
37 silly audit   'yocto-queue': [ '1.2.2' ],
37 silly audit   zimmerframe: [ '1.1.4' ],
37 silly audit   zod: [ '4.3.6' ],
37 silly audit   zwitch: [ '2.0.4' ],
37 silly audit   '@astrojs/preact': [ '5.1.1' ],
37 silly audit   astro: [ '6.1.5' ]
37 silly audit }
38 http cache astro@https://registry.npmjs.org/astro/-/astro-6.1.5.tgz 0ms (cache hit)
39 silly tarball no local data for astro@https://registry.npmjs.org/astro/-/astro-6.1.5.tgz. Extracting by manifest.
40 http fetch POST 200 https://registry.npmjs.org/-/npm/v1/security/advisories/bulk 216ms
41 silly audit report {
41 silly audit report   vite: [
41 silly audit report     {
41 silly audit report       id: 1116230,
41 silly audit report       url: 'https://github.com/advisories/GHSA-4w7w-66w2-5vf9',
41 silly audit report       title: 'Vite Vulnerable to Path Traversal in Optimized Deps `.map` Handling',
41 silly audit report       severity: 'moderate',
41 silly audit report       vulnerable_versions: '>=7.0.0 <=7.3.1',
41 silly audit report       cwe: [Array],
41 silly audit report       cvss: [Object]
41 silly audit report     },
41 silly audit report     {
41 silly audit report       id: 1116232,
41 silly audit report       url: 'https://github.com/advisories/GHSA-v2wj-q39q-566r',
41 silly audit report       title: 'Vite: `server.fs.deny` bypassed with queries',
41 silly audit report       severity: 'high',
41 silly audit report       vulnerable_versions: '>=7.1.0 <=7.3.1',
41 silly audit report       cwe: [Array],
41 silly audit report       cvss: [Object]
41 silly audit report     },
41 silly audit report     {
41 silly audit report       id: 1116235,
41 silly audit report       url: 'https://github.com/advisories/GHSA-p9ff-h696-f583',
41 silly audit report       title: 'Vite Vulnerable to Arbitrary File Read via Vite Dev Server WebSocket',
41 silly audit report       severity: 'high',
41 silly audit report       vulnerable_versions: '>=7.0.0 <=7.3.1',
41 silly audit report       cwe: [Array],
41 silly audit report       cvss: [Object]
41 silly audit report     }
41 silly audit report   ]
41 silly audit report }
42 silly packumentCache corgi:https://registry.npmjs.org/vite cache-miss
43 http fetch GET 200 https://registry.npmjs.org/vite 241ms (cache miss)
44 silly packumentCache corgi:https://registry.npmjs.org/vite set size:undefined disposed:false
45 silly packumentCache corgi:https://registry.npmjs.org/@preact%2fpreset-vite cache-miss
46 silly packumentCache corgi:https://registry.npmjs.org/@prefresh%2fvite cache-miss
47 silly packumentCache corgi:https://registry.npmjs.org/vite-prerender-plugin cache-miss
48 silly packumentCache corgi:https://registry.npmjs.org/vitefu cache-miss
49 silly packumentCache corgi:https://registry.npmjs.org/@astrojs%2fpreact cache-miss
50 silly packumentCache corgi:https://registry.npmjs.org/astro cache-miss
51 http cache https://registry.npmjs.org/@astrojs%2fpreact 14ms (cache hit)
52 silly packumentCache corgi:https://registry.npmjs.org/@astrojs%2fpreact set size:139403 disposed:false
53 http cache https://registry.npmjs.org/astro 70ms (cache hit)
54 silly packumentCache corgi:https://registry.npmjs.org/astro set size:4336727 disposed:false
55 http fetch GET 200 https://registry.npmjs.org/vite-prerender-plugin 193ms (cache miss)
56 silly packumentCache corgi:https://registry.npmjs.org/vite-prerender-plugin set size:undefined disposed:false
57 http fetch GET 200 https://registry.npmjs.org/@preact%2fpreset-vite 205ms (cache miss)
58 silly packumentCache corgi:https://registry.npmjs.org/@preact%2fpreset-vite set size:undefined disposed:false
59 http fetch GET 200 https://registry.npmjs.org/@prefresh%2fvite 211ms (cache miss)
60 silly packumentCache corgi:https://registry.npmjs.org/@prefresh%2fvite set size:undefined disposed:false
61 http fetch GET 200 https://registry.npmjs.org/vitefu 450ms (cache miss)
62 silly packumentCache corgi:https://registry.npmjs.org/vitefu set size:undefined disposed:false
63 http fetch GET 200 https://registry.npmjs.org/astro/-/astro-6.1.5.tgz 2690ms (cache miss)
64 silly CHANGE node_modules/astro
65 verbose cwd C:\work\resume_portfolio\portfolio_website\astro
66 verbose os Windows_NT 10.0.22621
67 verbose node v24.14.1
68 verbose npm  v11.11.0
69 notice
69 notice New minor version of npm available! 11.11.0 -> 11.12.1
69 notice Changelog: https://github.com/npm/cli/releases/tag/v11.12.1
69 notice To update run: npm install -g npm@11.12.1
69 notice  { force: true, Symbol(proc-log.meta): true }
70 verbose exit 0
71 info ok
