0 verbose cli C:\Program Files\nodejs\node.exe C:\Program Files\nodejs\node_modules\npm\bin\npm-cli.js
1 info using npm@11.11.0
2 info using node@v24.14.1
3 silly config load:file:C:\Program Files\nodejs\node_modules\npm\npmrc
4 silly config load:file:C:\work\resume_portfolio\portfolio_website\astro\.npmrc
5 silly config load:file:C:\Users\user\.npmrc
6 silly config load:file:C:\Users\user\AppData\Roaming\npm\etc\npmrc
7 verbose title npm install embla-carousel
8 verbose argv "install" "embla-carousel" "--cache" ".npm-cache"
9 verbose logfile logs-max:10 dir:C:\work\resume_portfolio\portfolio_website\astro\.npm-cache\_logs\2026-04-23T19_29_29_478Z-
10 verbose logfile C:\work\resume_portfolio\portfolio_website\astro\.npm-cache\_logs\2026-04-23T19_29_29_478Z-debug-0.log
11 silly logfile done cleaning log files
12 silly packumentCache heap:4496293888 maxSize:1124073472 maxEntrySize:562036736
13 silly idealTree buildDeps
14 silly fetch manifest embla-carousel@*
15 silly packumentCache full:https://registry.npmjs.org/embla-carousel cache-miss
16 http fetch GET 200 https://registry.npmjs.org/npm 273ms
17 http fetch GET 200 https://registry.npmjs.org/embla-carousel 182ms (cache miss)
18 silly packumentCache full:https://registry.npmjs.org/embla-carousel set size:undefined disposed:false
19 silly placeDep ROOT embla-carousel@8.6.0 OK for: c-work-resume-portfolio-portfolio-website-astro@0.0.1 want: *
20 silly reify moves {}
21 silly audit bulk request {
21 silly audit   '@astrojs/compiler': [ '3.0.1' ],
21 silly audit   '@astrojs/internal-helpers': [ '0.8.0' ],
21 silly audit   '@astrojs/markdown-remark': [ '7.1.0' ],
21 silly audit   '@astrojs/prism': [ '4.0.1' ],
21 silly audit   '@astrojs/telemetry': [ '3.3.0' ],
21 silly audit   '@babel/helper-string-parser': [ '7.27.1' ],
21 silly audit   '@babel/helper-validator-identifier': [ '7.28.5' ],
21 silly audit   '@babel/parser': [ '7.29.2' ],
21 silly audit   '@babel/types': [ '7.29.0' ],
21 silly audit   '@capsizecss/unpack': [ '4.0.0' ],
21 silly audit   '@clack/core': [ '1.2.0' ],
21 silly audit   '@clack/prompts': [ '1.2.0' ],
21 silly audit   '@emnapi/runtime': [ '1.9.2' ],
21 silly audit   '@esbuild/aix-ppc64': [ '0.27.7' ],
21 silly audit   '@esbuild/android-arm': [ '0.27.7' ],
21 silly audit   '@esbuild/android-arm64': [ '0.27.7' ],
21 silly audit   '@esbuild/android-x64': [ '0.27.7' ],
21 silly audit   '@esbuild/darwin-arm64': [ '0.27.7' ],
21 silly audit   '@esbuild/darwin-x64': [ '0.27.7' ],
21 silly audit   '@esbuild/freebsd-arm64': [ '0.27.7' ],
21 silly audit   '@esbuild/freebsd-x64': [ '0.27.7' ],
21 silly audit   '@esbuild/linux-arm': [ '0.27.7' ],
21 silly audit   '@esbuild/linux-arm64': [ '0.27.7' ],
21 silly audit   '@esbuild/linux-ia32': [ '0.27.7' ],
21 silly audit   '@esbuild/linux-loong64': [ '0.27.7' ],
21 silly audit   '@esbuild/linux-mips64el': [ '0.27.7' ],
21 silly audit   '@esbuild/linux-ppc64': [ '0.27.7' ],
21 silly audit   '@esbuild/linux-riscv64': [ '0.27.7' ],
21 silly audit   '@esbuild/linux-s390x': [ '0.27.7' ],
21 silly audit   '@esbuild/linux-x64': [ '0.27.7' ],
21 silly audit   '@esbuild/netbsd-arm64': [ '0.27.7' ],
21 silly audit   '@esbuild/netbsd-x64': [ '0.27.7' ],
21 silly audit   '@esbuild/openbsd-arm64': [ '0.27.7' ],
21 silly audit   '@esbuild/openbsd-x64': [ '0.27.7' ],
21 silly audit   '@esbuild/openharmony-arm64': [ '0.27.7' ],
21 silly audit   '@esbuild/sunos-x64': [ '0.27.7' ],
21 silly audit   '@esbuild/win32-arm64': [ '0.27.7' ],
21 silly audit   '@esbuild/win32-ia32': [ '0.27.7' ],
21 silly audit   '@esbuild/win32-x64': [ '0.27.7' ],
21 silly audit   '@img/colour': [ '1.1.0' ],
21 silly audit   '@img/sharp-darwin-arm64': [ '0.34.5' ],
21 silly audit   '@img/sharp-darwin-x64': [ '0.34.5' ],
21 silly audit   '@img/sharp-libvips-darwin-arm64': [ '1.2.4' ],
21 silly audit   '@img/sharp-libvips-darwin-x64': [ '1.2.4' ],
21 silly audit   '@img/sharp-libvips-linux-arm': [ '1.2.4' ],
21 silly audit   '@img/sharp-libvips-linux-arm64': [ '1.2.4' ],
21 silly audit   '@img/sharp-libvips-linux-ppc64': [ '1.2.4' ],
21 silly audit   '@img/sharp-libvips-linux-riscv64': [ '1.2.4' ],
21 silly audit   '@img/sharp-libvips-linux-s390x': [ '1.2.4' ],
21 silly audit   '@img/sharp-libvips-linux-x64': [ '1.2.4' ],
21 silly audit   '@img/sharp-libvips-linuxmusl-arm64': [ '1.2.4' ],
21 silly audit   '@img/sharp-libvips-linuxmusl-x64': [ '1.2.4' ],
21 silly audit   '@img/sharp-linux-arm': [ '0.34.5' ],
21 silly audit   '@img/sharp-linux-arm64': [ '0.34.5' ],
21 silly audit   '@img/sharp-linux-ppc64': [ '0.34.5' ],
21 silly audit   '@img/sharp-linux-riscv64': [ '0.34.5' ],
21 silly audit   '@img/sharp-linux-s390x': [ '0.34.5' ],
21 silly audit   '@img/sharp-linux-x64': [ '0.34.5' ],
21 silly audit   '@img/sharp-linuxmusl-arm64': [ '0.34.5' ],
21 silly audit   '@img/sharp-linuxmusl-x64': [ '0.34.5' ],
21 silly audit   '@img/sharp-wasm32': [ '0.34.5' ],
21 silly audit   '@img/sharp-win32-arm64': [ '0.34.5' ],
21 silly audit   '@img/sharp-win32-ia32': [ '0.34.5' ],
21 silly audit   '@img/sharp-win32-x64': [ '0.34.5' ],
21 silly audit   '@jridgewell/sourcemap-codec': [ '1.5.5' ],
21 silly audit   '@oslojs/encoding': [ '1.1.0' ],
21 silly audit   '@rollup/pluginutils': [ '5.3.0' ],
21 silly audit   '@rollup/rollup-android-arm-eabi': [ '4.60.1' ],
21 silly audit   '@rollup/rollup-android-arm64': [ '4.60.1' ],
21 silly audit   '@rollup/rollup-darwin-arm64': [ '4.60.1' ],
21 silly audit   '@rollup/rollup-darwin-x64': [ '4.60.1' ],
21 silly audit   '@rollup/rollup-freebsd-arm64': [ '4.60.1' ],
21 silly audit   '@rollup/rollup-freebsd-x64': [ '4.60.1' ],
21 silly audit   '@rollup/rollup-linux-arm-gnueabihf': [ '4.60.1' ],
21 silly audit   '@rollup/rollup-linux-arm-musleabihf': [ '4.60.1' ],
21 silly audit   '@rollup/rollup-linux-arm64-gnu': [ '4.60.1' ],
21 silly audit   '@rollup/rollup-linux-arm64-musl': [ '4.60.1' ],
21 silly audit   '@rollup/rollup-linux-loong64-gnu': [ '4.60.1' ],
21 silly audit   '@rollup/rollup-linux-loong64-musl': [ '4.60.1' ],
21 silly audit   '@rollup/rollup-linux-ppc64-gnu': [ '4.60.1' ],
21 silly audit   '@rollup/rollup-linux-ppc64-musl': [ '4.60.1' ],
21 silly audit   '@rollup/rollup-linux-riscv64-gnu': [ '4.60.1' ],
21 silly audit   '@rollup/rollup-linux-riscv64-musl': [ '4.60.1' ],
21 silly audit   '@rollup/rollup-linux-s390x-gnu': [ '4.60.1' ],
21 silly audit   '@rollup/rollup-linux-x64-gnu': [ '4.60.1' ],
21 silly audit   '@rollup/rollup-linux-x64-musl': [ '4.60.1' ],
21 silly audit   '@rollup/rollup-openbsd-x64': [ '4.60.1' ],
21 silly audit   '@rollup/rollup-openharmony-arm64': [ '4.60.1' ],
21 silly audit   '@rollup/rollup-win32-arm64-msvc': [ '4.60.1' ],
21 silly audit   '@rollup/rollup-win32-ia32-msvc': [ '4.60.1' ],
21 silly audit   '@rollup/rollup-win32-x64-gnu': [ '4.60.1' ],
21 silly audit   '@rollup/rollup-win32-x64-msvc': [ '4.60.1' ],
21 silly audit   '@shikijs/core': [ '4.0.2' ],
21 silly audit   '@shikijs/engine-javascript': [ '4.0.2' ],
21 silly audit   '@shikijs/engine-oniguruma': [ '4.0.2' ],
21 silly audit   '@shikijs/langs': [ '4.0.2' ],
21 silly audit   '@shikijs/primitive': [ '4.0.2' ],
21 silly audit   '@shikijs/themes': [ '4.0.2' ],
21 silly audit   '@shikijs/types': [ '4.0.2' ],
21 silly audit   '@shikijs/vscode-textmate': [ '10.0.2' ],
21 silly audit   '@types/debug': [ '4.1.13' ],
21 silly audit   '@types/estree': [ '1.0.8' ],
21 silly audit   '@types/hast': [ '3.0.4' ],
21 silly audit   '@types/mdast': [ '4.0.4' ],
21 silly audit   '@types/ms': [ '2.1.0' ],
21 silly audit   '@types/nlcst': [ '2.0.3' ],
21 silly audit   '@types/unist': [ '3.0.3' ],
21 silly audit   '@ungap/structured-clone': [ '1.3.0' ],
21 silly audit   anymatch: [ '3.1.3' ],
21 silly audit   picomatch: [ '2.3.2', '4.0.4' ],
21 silly audit   argparse: [ '2.0.1' ],
21 silly audit   'aria-query': [ '5.3.2' ],
21 silly audit   'array-iterate': [ '2.0.1' ],
21 silly audit   astro: [ '6.1.5' ],
21 silly audit   'axobject-query': [ '4.1.0' ],
21 silly audit   bail: [ '2.0.2' ],
21 silly audit   boolbase: [ '1.0.0' ],
21 silly audit   ccount: [ '2.0.1' ],
21 silly audit   'character-entities': [ '2.0.2' ],
21 silly audit   'character-entities-html4': [ '2.1.0' ],
21 silly audit   'character-entities-legacy': [ '3.0.0' ],
21 silly audit   chokidar: [ '5.0.0' ],
21 silly audit   'ci-info': [ '4.4.0' ],
21 silly audit   clsx: [ '2.1.1' ],
21 silly audit   'comma-separated-tokens': [ '2.0.3' ],
21 silly audit   commander: [ '11.1.0' ],
21 silly audit   'common-ancestor-path': [ '2.0.0' ],
21 silly audit   cookie: [ '1.1.1' ],
21 silly audit   'cookie-es': [ '1.2.3' ],
21 silly audit   crossws: [ '0.3.5' ],
21 silly audit   'css-select': [ '5.2.2' ],
21 silly audit   'css-tree': [ '3.2.1', '2.2.1' ],
21 silly audit   'css-what': [ '6.2.2' ],
21 silly audit   csso: [ '5.0.5' ],
21 silly audit   'mdn-data': [ '2.0.28', '2.27.1' ],
21 silly audit   debug: [ '4.4.3' ],
21 silly audit   'decode-named-character-reference': [ '1.3.0' ],
21 silly audit   defu: [ '6.1.6' ],
21 silly audit   dequal: [ '2.0.3' ],
21 silly audit   destr: [ '2.0.5' ],
21 silly audit   'detect-libc': [ '2.1.2' ],
21 silly audit   devalue: [ '5.6.4' ],
21 silly audit   devlop: [ '1.1.0' ],
21 silly audit   diff: [ '8.0.4' ],
21 silly audit   dlv: [ '1.1.3' ],
21 silly audit   'dom-serializer': [ '2.0.0' ],
21 silly audit   entities: [ '4.5.0', '6.0.1' ],
21 silly audit   domelementtype: [ '2.3.0' ],
21 silly audit   domhandler: [ '5.0.3' ],
21 silly audit   domutils: [ '3.2.2' ],
21 silly audit   dset: [ '3.1.4' ],
21 silly audit   'es-module-lexer': [ '2.0.0' ],
21 silly audit   esbuild: [ '0.27.7' ],
21 silly audit   'escape-string-regexp': [ '5.0.0' ],
21 silly audit   'estree-walker': [ '2.0.2' ],
21 silly audit   eventemitter3: [ '5.0.4' ],
21 silly audit   extend: [ '3.0.2' ],
21 silly audit   'fast-string-truncated-width': [ '1.2.1' ],
21 silly audit   'fast-string-width': [ '1.1.0' ],
21 silly audit   'fast-wrap-ansi': [ '0.1.6' ],
21 silly audit   fdir: [ '6.5.0' ],
21 silly audit   flattie: [ '1.1.1' ],
21 silly audit   fontace: [ '0.4.1' ],
21 silly audit   fontkitten: [ '1.0.3' ],
21 silly audit   fsevents: [ '2.3.3' ],
21 silly audit   'github-slugger': [ '2.0.0' ],
21 silly audit   h3: [ '1.15.11' ],
21 silly audit   'hast-util-from-html': [ '2.0.3' ],
21 silly audit   'hast-util-from-parse5': [ '8.0.3' ],
21 silly audit   'hast-util-is-element': [ '3.0.0' ],
21 silly audit   'hast-util-parse-selector': [ '4.0.0' ],
21 silly audit   'hast-util-raw': [ '9.1.0' ],
21 silly audit   'hast-util-to-html': [ '9.0.5' ],
21 silly audit   'hast-util-to-parse5': [ '8.0.1' ],
21 silly audit   'hast-util-to-text': [ '4.0.2' ],
21 silly audit   'hast-util-whitespace': [ '3.0.0' ],
21 silly audit   hastscript: [ '9.0.1' ],
21 silly audit   'html-escaper': [ '3.0.3' ],
21 silly audit   'html-void-elements': [ '3.0.0' ],
21 silly audit   'http-cache-semantics': [ '4.2.0' ],
21 silly audit   'iron-webcrypto': [ '1.2.1' ],
21 silly audit   'is-docker': [ '3.0.0' ],
21 silly audit   'is-inside-container': [ '1.0.0' ],
21 silly audit   'is-plain-obj': [ '4.1.0' ],
21 silly audit   'is-wsl': [ '3.1.1' ],
21 silly audit   'js-yaml': [ '4.1.1' ],
21 silly audit   'longest-streak': [ '3.1.0' ],
21 silly audit   'lru-cache': [ '11.2.7' ],
21 silly audit   'magic-string': [ '0.30.21' ],
21 silly audit   magicast: [ '0.5.2' ],
21 silly audit   'markdown-table': [ '3.0.4' ],
21 silly audit   'mdast-util-definitions': [ '6.0.0' ],
21 silly audit   'mdast-util-find-and-replace': [ '3.0.2' ],
21 silly audit   'mdast-util-from-markdown': [ '2.0.3' ],
21 silly audit   'mdast-util-gfm': [ '3.1.0' ],
21 silly audit   'mdast-util-gfm-autolink-literal': [ '2.0.1' ],
21 silly audit   'mdast-util-gfm-footnote': [ '2.1.0' ],
21 silly audit   'mdast-util-gfm-strikethrough': [ '2.0.0' ],
21 silly audit   'mdast-util-gfm-table': [ '2.0.0' ],
21 silly audit   'mdast-util-gfm-task-list-item': [ '2.0.0' ],
21 silly audit   'mdast-util-phrasing': [ '4.1.0' ],
21 silly audit   'mdast-util-to-hast': [ '13.2.1' ],
21 silly audit   'mdast-util-to-markdown': [ '2.1.2' ],
21 silly audit   'mdast-util-to-string': [ '4.0.0' ],
21 silly audit   micromark: [ '4.0.2' ],
21 silly audit   'micromark-core-commonmark': [ '2.0.3' ],
21 silly audit   'micromark-extension-gfm': [ '3.0.0' ],
21 silly audit   'micromark-extension-gfm-autolink-literal': [ '2.1.0' ],
21 silly audit   'micromark-extension-gfm-footnote': [ '2.1.0' ],
21 silly audit   'micromark-extension-gfm-strikethrough': [ '2.1.0' ],
21 silly audit   'micromark-extension-gfm-table': [ '2.1.1' ],
21 silly audit   'micromark-extension-gfm-tagfilter': [ '2.0.0' ],
21 silly audit   'micromark-extension-gfm-task-list-item': [ '2.1.0' ],
21 silly audit   'micromark-factory-destination': [ '2.0.1' ],
21 silly audit   'micromark-factory-label': [ '2.0.1' ],
21 silly audit   'micromark-factory-space': [ '2.0.1' ],
21 silly audit   'micromark-factory-title': [ '2.0.1' ],
21 silly audit   'micromark-factory-whitespace': [ '2.0.1' ],
21 silly audit   'micromark-util-character': [ '2.1.1' ],
21 silly audit   'micromark-util-chunked': [ '2.0.1' ],
21 silly audit   'micromark-util-classify-character': [ '2.0.1' ],
21 silly audit   'micromark-util-combine-extensions': [ '2.0.1' ],
21 silly audit   'micromark-util-decode-numeric-character-reference': [ '2.0.2' ],
21 silly audit   'micromark-util-decode-string': [ '2.0.1' ],
21 silly audit   'micromark-util-encode': [ '2.0.1' ],
21 silly audit   'micromark-util-html-tag-name': [ '2.0.1' ],
21 silly audit   'micromark-util-normalize-identifier': [ '2.0.1' ],
21 silly audit   'micromark-util-resolve-all': [ '2.0.1' ],
21 silly audit   'micromark-util-sanitize-uri': [ '2.0.1' ],
21 silly audit   'micromark-util-subtokenize': [ '2.1.0' ],
21 silly audit   'micromark-util-symbol': [ '2.0.1' ],
21 silly audit   'micromark-util-types': [ '2.0.2' ],
21 silly audit   mrmime: [ '2.0.1' ],
21 silly audit   ms: [ '2.1.3' ],
21 silly audit   nanoid: [ '3.3.11' ],
21 silly audit   neotraverse: [ '0.6.18' ],
21 silly audit   'nlcst-to-string': [ '4.0.0' ],
21 silly audit   'node-fetch-native': [ '1.6.7' ],
21 silly audit   'node-mock-http': [ '1.0.4' ],
21 silly audit   'normalize-path': [ '3.0.0' ],
21 silly audit   'nth-check': [ '2.1.1' ],
21 silly audit   obug: [ '2.1.1' ],
21 silly audit   ofetch: [ '1.5.1' ],
21 silly audit   ohash: [ '2.0.11' ],
21 silly audit   'oniguruma-parser': [ '0.12.1' ],
21 silly audit   'oniguruma-to-es': [ '4.3.5' ],
21 silly audit   'p-limit': [ '7.3.0' ],
21 silly audit   'p-queue': [ '9.1.1' ],
21 silly audit   'p-timeout': [ '7.0.1' ],
21 silly audit   'package-manager-detector': [ '1.6.0' ],
21 silly audit   'parse-latin': [ '7.0.0' ],
21 silly audit   parse5: [ '7.3.0' ],
21 silly audit   piccolore: [ '0.1.3' ],
21 silly audit   picocolors: [ '1.1.1' ],
21 silly audit   postcss: [ '8.5.8' ],
21 silly audit   prismjs: [ '1.30.0' ],
21 silly audit   'property-information': [ '7.1.0' ],
21 silly audit   radix3: [ '1.1.2' ],
21 silly audit   readdirp: [ '5.0.0' ],
21 silly audit   regex: [ '6.1.0' ],
21 silly audit   'regex-recursion': [ '6.0.2' ],
21 silly audit   'regex-utilities': [ '2.3.0' ],
21 silly audit   rehype: [ '13.0.2' ],
21 silly audit   'rehype-parse': [ '9.0.1' ],
21 silly audit   'rehype-raw': [ '7.0.0' ],
21 silly audit   'rehype-stringify': [ '10.0.1' ],
21 silly audit   'remark-gfm': [ '4.0.1' ],
21 silly audit   'remark-parse': [ '11.0.0' ],
21 silly audit   'remark-rehype': [ '11.1.2' ],
21 silly audit   'remark-smartypants': [ '3.0.2' ],
21 silly audit   'remark-stringify': [ '11.0.0' ],
21 silly audit   retext: [ '9.0.0' ],
21 silly audit   'retext-latin': [ '4.0.0' ],
21 silly audit   'retext-smartypants': [ '6.2.0' ],
21 silly audit   'retext-stringify': [ '4.0.0' ],
21 silly audit   rollup: [ '4.60.1' ],
21 silly audit   sax: [ '1.6.0' ],
21 silly audit   semver: [ '7.7.4' ],
21 silly audit   sharp: [ '0.34.5' ],
21 silly audit   shiki: [ '4.0.2' ],
21 silly audit   sisteransi: [ '1.0.5' ],
21 silly audit   'smol-toml': [ '1.6.1' ],
21 silly audit   'source-map-js': [ '1.2.1' ],
21 silly audit   'space-separated-tokens': [ '2.0.2' ],
21 silly audit   'stringify-entities': [ '4.0.4' ],
21 silly audit   svgo: [ '4.0.1' ],
21 silly audit   'tiny-inflate': [ '1.0.3' ],
21 silly audit   tinyclip: [ '0.1.12' ],
21 silly audit   tinyexec: [ '1.0.4' ],
21 silly audit   tinyglobby: [ '0.2.15' ],
21 silly audit   'trim-lines': [ '3.0.1' ],
21 silly audit   trough: [ '2.2.0' ],
21 silly audit   tsconfck: [ '3.1.6' ],
21 silly audit   tslib: [ '2.8.1' ],
21 silly audit   ufo: [ '1.6.3' ],
21 silly audit   ultrahtml: [ '1.6.0' ],
21 silly audit   uncrypto: [ '0.1.3' ],
21 silly audit   unified: [ '11.0.5' ],
21 silly audit   unifont: [ '0.7.4' ],
21 silly audit   'unist-util-find-after': [ '5.0.0' ],
21 silly audit   'unist-util-is': [ '6.0.1' ],
21 silly audit   'unist-util-modify-children': [ '4.0.0' ],
21 silly audit   'unist-util-position': [ '5.0.0' ],
21 silly audit   'unist-util-remove-position': [ '5.0.0' ],
21 silly audit   'unist-util-stringify-position': [ '4.0.0' ],
21 silly audit   'unist-util-visit': [ '5.1.0' ],
21 silly audit   'unist-util-visit-children': [ '3.0.0' ],
21 silly audit   'unist-util-visit-parents': [ '6.0.2' ],
21 silly audit   unstorage: [ '1.17.5' ],
21 silly audit   vfile: [ '6.0.3' ],
21 silly audit   'vfile-location': [ '5.0.3' ],
21 silly audit   'vfile-message': [ '4.0.3' ],
21 silly audit   vite: [ '7.3.1' ],
21 silly audit   vitefu: [ '1.1.3' ],
21 silly audit   'web-namespaces': [ '2.0.1' ],
21 silly audit   'which-pm-runs': [ '1.1.0' ],
21 silly audit   'xxhash-wasm': [ '1.1.0' ],
21 silly audit   'yargs-parser': [ '22.0.0' ],
21 silly audit   'yocto-queue': [ '1.2.2' ],
21 silly audit   zod: [ '4.3.6' ],
21 silly audit   zwitch: [ '2.0.4' ],
21 silly audit   'embla-carousel': [ '8.6.0' ]
21 silly audit }
22 http cache embla-carousel@https://registry.npmjs.org/embla-carousel/-/embla-carousel-8.6.0.tgz 0ms (cache hit)
23 silly tarball no local data for embla-carousel@https://registry.npmjs.org/embla-carousel/-/embla-carousel-8.6.0.tgz. Extracting by manifest.
24 http fetch GET 200 https://registry.npmjs.org/embla-carousel/-/embla-carousel-8.6.0.tgz 200ms (cache miss)
25 http fetch POST 200 https://registry.npmjs.org/-/npm/v1/security/advisories/bulk 273ms
26 silly audit report {
26 silly audit report   astro: [
26 silly audit report     {
26 silly audit report       id: 1116896,
26 silly audit report       url: 'https://github.com/advisories/GHSA-j687-52p2-xcff',
26 silly audit report       title: 'Astro: XSS in define:vars via incomplete </script> tag sanitization',
26 silly audit report       severity: 'moderate',
26 silly audit report       vulnerable_versions: '<6.1.6',
26 silly audit report       cwe: [Array],
26 silly audit report       cvss: [Object]
26 silly audit report     }
26 silly audit report   ],
26 silly audit report   vite: [
26 silly audit report     {
26 silly audit report       id: 1116230,
26 silly audit report       url: 'https://github.com/advisories/GHSA-4w7w-66w2-5vf9',
26 silly audit report       title: 'Vite Vulnerable to Path Traversal in Optimized Deps `.map` Handling',
26 silly audit report       severity: 'moderate',
26 silly audit report       vulnerable_versions: '>=7.0.0 <=7.3.1',
26 silly audit report       cwe: [Array],
26 silly audit report       cvss: [Object]
26 silly audit report     },
26 silly audit report     {
26 silly audit report       id: 1116232,
26 silly audit report       url: 'https://github.com/advisories/GHSA-v2wj-q39q-566r',
26 silly audit report       title: 'Vite: `server.fs.deny` bypassed with queries',
26 silly audit report       severity: 'high',
26 silly audit report       vulnerable_versions: '>=7.1.0 <=7.3.1',
26 silly audit report       cwe: [Array],
26 silly audit report       cvss: [Object]
26 silly audit report     },
26 silly audit report     {
26 silly audit report       id: 1116235,
26 silly audit report       url: 'https://github.com/advisories/GHSA-p9ff-h696-f583',
26 silly audit report       title: 'Vite Vulnerable to Arbitrary File Read via Vite Dev Server WebSocket',
26 silly audit report       severity: 'high',
26 silly audit report       vulnerable_versions: '>=7.0.0 <=7.3.1',
26 silly audit report       cwe: [Array],
26 silly audit report       cvss: [Object]
26 silly audit report     }
26 silly audit report   ]
26 silly audit report }
27 silly packumentCache corgi:https://registry.npmjs.org/astro cache-miss
28 silly packumentCache corgi:https://registry.npmjs.org/vite cache-miss
29 http fetch GET 200 https://registry.npmjs.org/vite 157ms (cache updated)
30 silly packumentCache corgi:https://registry.npmjs.org/vite set size:undefined disposed:false
31 http fetch GET 200 https://registry.npmjs.org/astro 335ms (cache updated)
32 silly packumentCache corgi:https://registry.npmjs.org/astro set size:undefined disposed:false
33 silly packumentCache corgi:https://registry.npmjs.org/vitefu cache-miss
34 http fetch GET 200 https://registry.npmjs.org/vitefu 130ms (cache revalidated)
35 silly packumentCache corgi:https://registry.npmjs.org/vitefu set size:22407 disposed:false
36 silly ADD node_modules/embla-carousel
37 verbose cwd C:\work\resume_portfolio\portfolio_website\astro
38 verbose os Windows_NT 10.0.22621
39 verbose node v24.14.1
40 verbose npm  v11.11.0
41 notice
41 notice New minor version of npm available! 11.11.0 -> 11.13.0
41 notice Changelog: https://github.com/npm/cli/releases/tag/v11.13.0
41 notice To update run: npm install -g npm@11.13.0
41 notice  { force: true, Symbol(proc-log.meta): true }
42 verbose exit 0
43 info ok
